Starting project at C:\Battleworld\AnnusMirabilis\CURIOSITY\PHASE_1\ZEMO_JAILTIME
Metro is running in CI mode, reloads are disabled. Remove CI=true to enable watch mode.
Starting Metro Bundler
warning: Bundler cache is empty, rebuilding (this may take a minute)
Waiting on http://localhost:8107
Logs for your project will appear below.
Web node_modules\expo-router\entry.js ▓▓▓▓▓░░░░░░░░░░░ 34.0% (16/29)
Web node_modules\expo-router\entry.js ▓▓▓▓▓░░░░░░░░░░░ 35.5% (279/496)
Web node_modules\expo-router\entry.js ▓▓▓▓▓░░░░░░░░░░░ 37.0% (539/888)
Web node_modules\expo-router\entry.js ▓▓▓▓▓▓▓▓░░░░░░░░ 56.1% ( 769/1027)
Web node_modules\expo-router\entry.js ▓▓▓▓▓▓▓▓▓▓▓▓░░░░ 77.9% (1013/1148)
Web node_modules\expo-router\entry.js ▓▓▓▓▓▓▓▓▓▓▓▓▓▓░░ 93.7% (1394/1465)
Web node_modules\expo-router\entry.js ▓▓▓▓▓▓▓▓▓▓▓▓▓▓▓░ 99.9% (1540/1541)
Web Bundled 25639ms node_modules\expo-router\entry.js (1541 modules)
 LOG  [web] Logs will appear in the browser console
Web node_modules\expo-router\entry.js ░░░░░░░░░░░░░░░░  0.0% (0/1)
Web Bundled 90ms node_modules\expo-router\entry.js (1 module)
 LOG  [web] Logs will appear in the browser console
Web node_modules\expo-router\entry.js ░░░░░░░░░░░░░░░░  0.0% (0/1)
Web Bundled 160ms node_modules\expo-router\entry.js (1 module)
 LOG  [web] Logs will appear in the browser console
