Starting project at C:\Battleworld\AnnusMirabilis\CURIOSITY\PHASE_1\ZEMO_JAILTIME
Metro is running in CI mode, reloads are disabled. Remove CI=true to enable watch mode.
Starting Metro Bundler
Waiting on http://localhost:8106
Logs for your project will appear below.
Web node_modules\expo-router\entry.js ▓░░░░░░░░░░░░░░░  7.4% (16/67)
Web node_modules\expo-router\entry.js ▓▓▓░░░░░░░░░░░░░ 19.1% (147/451)
Web node_modules\expo-router\entry.js ▓▓▓░░░░░░░░░░░░░ 23.2% (352/742)
Web node_modules\expo-router\entry.js ▓▓▓▓▓▓▓▓░░░░░░░░ 50.1% (655/925)
Web node_modules\expo-router\entry.js ▓▓▓▓▓▓▓▓▓▓▓░░░░░ 71.3% ( 928/1099)
Web node_modules\expo-router\entry.js ▓▓▓▓▓▓▓▓▓▓▓▓▓▓░░ 91.7% (1339/1409)
Web node_modules\expo-router\entry.js ▓▓▓▓▓▓▓▓▓▓▓▓▓▓▓░ 99.9% (1540/1541)
Web Bundled 24672ms node_modules\expo-router\entry.js (1541 modules)
Web node_modules\expo-router\entry.js ░░░░░░░░░░░░░░░░  0.0% (0/1)
Web Bundled 147ms node_modules\expo-router\entry.js (1 module)
Web node_modules\expo-router\entry.js ░░░░░░░░░░░░░░░░  0.0% (0/1)
Web Bundled 127ms node_modules\expo-router\entry.js (1 module)
Web node_modules\expo-router\entry.js ░░░░░░░░░░░░░░░░  0.0% (0/1)
Web Bundled 181ms node_modules\expo-router\entry.js (1 module)
› Detected a change in babel.config.js. Restart the server to see the new results. You may need to clear the bundler cache with the --clear flag for your changes to take effect.
