Starting project at C:\Battleworld\AnnusMirabilis\CURIOSITY\PHASE_1\ZEMO_JAILTIME
Metro is running in CI mode, reloads are disabled. Remove CI=true to enable watch mode.
Starting Metro Bundler
The following packages should be updated for best compatibility with the installed expo version:
  react-native@0.81.4 - expected version: 0.81.5
Your project may not work correctly until you install the expected versions of the packages.
Waiting on http://localhost:8105
Logs for your project will appear below.
Web node_modules\expo-router\entry.js ░░░░░░░░░░░░░░░░  0.0% (0/1)
Web Bundling failed 4724ms node_modules\expo-router\entry.js (1 module)
Web node_modules\expo-router\entry.js ░░░░░░░░░░░░░░░░  0.0% (0/1)
 ERROR  Error: Cannot find module 'babel-preset-expo'
Require stack:
- C:\Battleworld\AnnusMirabilis\CURIOSITY\PHASE_1\ZEMO_JAILTIME\node_modules\@babel\core\lib\config\files\plugins.js
- C:\Battleworld\AnnusMirabilis\CURIOSITY\PHASE_1\ZEMO_JAILTIME\node_modules\@babel\core\lib\config\files\index.js
- C:\Battleworld\AnnusMirabilis\CURIOSITY\PHASE_1\ZEMO_JAILTIME\node_modules\@babel\core\lib\index.js
- C:\Battleworld\AnnusMirabilis\CURIOSITY\PHASE_1\ZEMO_JAILTIME\node_modules\expo\node_modules\@expo\metro-config\build\transform-worker\metro-transform-worker.js
- C:\Battleworld\AnnusMirabilis\CURIOSITY\PHASE_1\ZEMO_JAILTIME\node_modules\expo\node_modules\@expo\metro-config\build\transform-worker\transform-worker.js
- C:\Battleworld\AnnusMirabilis\CURIOSITY\PHASE_1\ZEMO_JAILTIME\node_modules\metro\src\DeltaBundler\Worker.flow.js
- C:\Battleworld\AnnusMirabilis\CURIOSITY\PHASE_1\ZEMO_JAILTIME\node_modules\metro\src\DeltaBundler\Worker.js
- C:\Battleworld\AnnusMirabilis\CURIOSITY\PHASE_1\ZEMO_JAILTIME\node_modules\jest-worker\build\workers\processChild.js

Make sure that all the Babel plugins and presets you are using
are defined as dependencies or devDependencies in your package.json
file. It's possible that the missing plugin is loaded by a preset
you are using that forgot to add the plugin to its dependencies: you
can workaround this problem by explicitly adding the missing package
to your top-level package.json.

    at Module._resolveFilename (node:internal/modules/cjs/loader:1456:15)
    at resolve (node:internal/modules/helpers:163:19)
    at tryRequireResolve (C:\Battleworld\AnnusMirabilis\CURIOSITY\PHASE_1\ZEMO_JAILTIME\node_modules\@babel\core\lib\config\files\plugins.js:128:11)
    at resolveStandardizedNameForRequire (C:\Battleworld\AnnusMirabilis\CURIOSITY\PHASE_1\ZEMO_JAILTIME\node_modules\@babel\core\lib\config\files\plugins.js:162:19)
    at resolveStandardizedName (C:\Battleworld\AnnusMirabilis\CURIOSITY\PHASE_1\ZEMO_JAILTIME\node_modules\@babel\core\lib\config\files\plugins.js:183:12)
    at loadPreset (C:\Battleworld\AnnusMirabilis\CURIOSITY\PHASE_1\ZEMO_JAILTIME\node_modules\@babel\core\lib\config\files\plugins.js:68:7)
    at loadPreset.next (<anonymous>)
    at createDescriptor (C:\Battleworld\AnnusMirabilis\CURIOSITY\PHASE_1\ZEMO_JAILTIME\node_modules\@babel\core\lib\config\config-descriptors.js:140:16)
    at createDescriptor.next (<anonymous>)
    at evaluateSync (C:\Battleworld\AnnusMirabilis\CURIOSITY\PHASE_1\ZEMO_JAILTIME\node_modules\gensync\index.js:251:28)
    at C:\Battleworld\AnnusMirabilis\CURIOSITY\PHASE_1\ZEMO_JAILTIME\node_modules\gensync\index.js:31:34
    at Array.map (<anonymous>)
    at gensync.sync (C:\Battleworld\AnnusMirabilis\CURIOSITY\PHASE_1\ZEMO_JAILTIME\node_modules\gensync\index.js:31:22)
    at gensync.all (C:\Battleworld\AnnusMirabilis\CURIOSITY\PHASE_1\ZEMO_JAILTIME\node_modules\gensync\index.js:210:24)
    at Generator.next (<anonymous>)
    at createDescriptors (C:\Battleworld\AnnusMirabilis\CURIOSITY\PHASE_1\ZEMO_JAILTIME\node_modules\@babel\core\lib\config\config-descriptors.js:102:41)
    at createDescriptors.next (<anonymous>)
    at createPresetDescriptors (C:\Battleworld\AnnusMirabilis\CURIOSITY\PHASE_1\ZEMO_JAILTIME\node_modules\@babel\core\lib\config\config-descriptors.js:96:17)
    at createPresetDescriptors.next (<anonymous>)
    at C:\Battleworld\AnnusMirabilis\CURIOSITY\PHASE_1\ZEMO_JAILTIME\node_modules\@babel\core\lib\gensync-utils\functional.js:22:27
    at Generator.next (<anonymous>)
    at mergeChainOpts (C:\Battleworld\AnnusMirabilis\CURIOSITY\PHASE_1\ZEMO_JAILTIME\node_modules\@babel\core\lib\config\config-chain.js:350:34)
    at mergeChainOpts.next (<anonymous>)
    at chainWalker (C:\Battleworld\AnnusMirabilis\CURIOSITY\PHASE_1\ZEMO_JAILTIME\node_modules\@babel\core\lib\config\config-chain.js:316:14)
    at chainWalker.next (<anonymous>)
    at loadFileChain (C:\Battleworld\AnnusMirabilis\CURIOSITY\PHASE_1\ZEMO_JAILTIME\node_modules\@babel\core\lib\config\config-chain.js:191:24)
    at loadFileChain.next (<anonymous>)
    at mergeExtendsChain (C:\Battleworld\AnnusMirabilis\CURIOSITY\PHASE_1\ZEMO_JAILTIME\node_modules\@babel\core\lib\config\config-chain.js:328:28)
    at mergeExtendsChain.next (<anonymous>)
    at chainWalker (C:\Battleworld\AnnusMirabilis\CURIOSITY\PHASE_1\ZEMO_JAILTIME\node_modules\@babel\core\lib\config\config-chain.js:312:20)
    at chainWalker.next (<anonymous>)
    at buildRootChain (C:\Battleworld\AnnusMirabilis\CURIOSITY\PHASE_1\ZEMO_JAILTIME\node_modules\@babel\core\lib\config\config-chain.js:56:36)
    at buildRootChain.next (<anonymous>)
    at loadPrivatePartialConfig (C:\Battleworld\AnnusMirabilis\CURIOSITY\PHASE_1\ZEMO_JAILTIME\node_modules\@babel\core\lib\config\partial.js:72:62)
    at loadPrivatePartialConfig.next (<anonymous>)
    at loadFullConfig (C:\Battleworld\AnnusMirabilis\CURIOSITY\PHASE_1\ZEMO_JAILTIME\node_modules\@babel\core\lib\config\full.js:36:46)
    at loadFullConfig.next (<anonymous>)
    at transform (C:\Battleworld\AnnusMirabilis\CURIOSITY\PHASE_1\ZEMO_JAILTIME\node_modules\@babel\core\lib\transform.js:20:44)
    at transform.next (<anonymous>)
    at evaluateSync (C:\Battleworld\AnnusMirabilis\CURIOSITY\PHASE_1\ZEMO_JAILTIME\node_modules\gensync\index.js:251:28)
    at sync (C:\Battleworld\AnnusMirabilis\CURIOSITY\PHASE_1\ZEMO_JAILTIME\node_modules\gensync\index.js:89:14)
    at stopHiding - secret - don't use this - v1 (C:\Battleworld\AnnusMirabilis\CURIOSITY\PHASE_1\ZEMO_JAILTIME\node_modules\@babel\core\lib\errors\rewrite-stack-trace.js:47:12)
    at Object.transformSync (C:\Battleworld\AnnusMirabilis\CURIOSITY\PHASE_1\ZEMO_JAILTIME\node_modules\@babel\core\lib\transform.js:40:76)
    at parseWithBabel (C:\Battleworld\AnnusMirabilis\CURIOSITY\PHASE_1\ZEMO_JAILTIME\node_modules\expo\node_modules\@expo\metro-config\build\transformSync.js:75:18)
    at transformSync (C:\Battleworld\AnnusMirabilis\CURIOSITY\PHASE_1\ZEMO_JAILTIME\node_modules\expo\node_modules\@expo\metro-config\build\transformSync.js:64:12)
    at Object.transform (C:\Battleworld\AnnusMirabilis\CURIOSITY\PHASE_1\ZEMO_JAILTIME\node_modules\expo\node_modules\@expo\metro-config\build\babel-transformer.js:127:58)
    at transformJSWithBabel (C:\Battleworld\AnnusMirabilis\CURIOSITY\PHASE_1\ZEMO_JAILTIME\node_modules\expo\node_modules\@expo\metro-config\build\transform-worker\metro-transform-worker.js:468:47)
    at Object.transform (C:\Battleworld\AnnusMirabilis\CURIOSITY\PHASE_1\ZEMO_JAILTIME\node_modules\expo\node_modules\@expo\metro-config\build\transform-worker\metro-transform-worker.js:583:12)
    at Object.transform (C:\Battleworld\AnnusMirabilis\CURIOSITY\PHASE_1\ZEMO_JAILTIME\node_modules\expo\node_modules\@expo\metro-config\build\transform-worker\transform-worker.js:178:19)
